// Jest Snapshot v1, https://goo.gl/fbAQLP

exports[`with props renders correctly 1`] = `
<WithStyles(Card)>
  <WithStyles(Typography)
    className="cardContent"
    component="div"
    gutterBottom={true}
  >
    text
  </WithStyles(Typography)>
  <Choice
    choiceId="value1"
    className="button"
    selectChoice={[Function]}
  >
    <span>
      key1
    </span>
  </Choice>
  <Choice
    choiceId="value2"
    className="button"
    selectChoice={[Function]}
  >
    <span>
      key2
    </span>
  </Choice>
</WithStyles(Card)>
`;
