// Jest Snapshot v1, https://goo.gl/fbAQLP

exports[`with props renders correctly 1`] = `
<main>
  <WithStyles(Branch)
    choices={
      Array [
        "choice1",
        "choice2",
      ]
    }
    config={Object {}}
    id="start"
    text="text"
  />
</main>
`;
